../Core/Src/main.c:90:6:receive_data_via_uart	24	static
../Core/Src/main.c:119:6:write_chunk_to_flash	40	static
../Core/Src/main.c:129:6:Flash_CopyPages	72	static
../Core/Src/main.c:167:6:Flash_EraseMemory	40	static
../Core/Src/main.c:189:6:Flash_WriteChunk	32	static
../Core/Src/main.c:209:6:ProcessChunkData	16	static
../Core/Src/main.c:213:6:StartFirmwareUpdate	8	static
../Core/Src/main.c:220:6:Flash_WriteData	32	static
../Core/Src/main.c:240:5:main	8	static
../Core/Src/main.c:325:6:SystemClock_Config	72	static
../Core/Src/main.c:374:6:HAL_UART_RxCpltCallback	24	static
../Core/Src/main.c:415:6:process_uart_data	16	static
../Core/Src/main.c:450:6:send_command	16	static
../Core/Src/main.c:456:6:receive_response	16	static
../Core/Src/main.c:462:6:flash_write	40	static
../Core/Src/main.c:478:6:Error_Handler	4	static,ignoring_inline_asm
